// Jest Snapshot v1, https://goo.gl/fbAQLP

exports[`Header Component when nothing specified should render correctly 1`] = `
<Styled(Flex)
  alignItems="center"
  className=""
>
  <Box
    mr="auto"
  >
    <HeaderLogo />
  </Box>
  <Box>
    <styled.nav
      open={false}
    >
      <HeaderLink
        href="/"
      >
        Hex Naw
      </HeaderLink>
      <HeaderLink
        href="/about"
        prefetch={true}
      >
        About
      </HeaderLink>
      <HeaderLink
        href="https://thescenery.co"
        prefetch={true}
      >
        The Scenery →
      </HeaderLink>
    </styled.nav>
    <styled.button
      onClick={[Function]}
    >
      Click Me
    </styled.button>
  </Box>
</Styled(Flex)>
`;
