// Jest Snapshot v1, https://goo.gl/fbAQLP

exports[`Header Component when nothing specified should render correctly 1`] = `
<Headerstyles__StyledHeader
  alignItems="center"
  className=""
>
  <Box
    mr="auto"
  >
    <HeaderLogo />
  </Box>
  <Box>
    <Headerstyles__StyledNav
      open={false}
    >
      <HeaderLink
        href="/"
      >
        Hex Naw
      </HeaderLink>
      <HeaderLink
        href="/about"
      >
        About
      </HeaderLink>
      <HeaderLink
        href="https://thescenery.co"
        isExternal={true}
      >
        The Scenery →
      </HeaderLink>
    </Headerstyles__StyledNav>
    <Headerstyles__StyledNavButton
      onClick={[Function]}
    >
      Click Me
    </Headerstyles__StyledNavButton>
  </Box>
</Headerstyles__StyledHeader>
`;
